// Jest Snapshot v1, https://goo.gl/fbAQLP

exports[`Wallet renders properly 1`] = `
ShallowWrapper {
  "length": 1,
  Symbol(enzyme.__root__): [Circular],
  Symbol(enzyme.__unrendered__): <Wallet
    balance={20}
    deposit={[Function]}
    withdraw={[Function]}
/>,
  Symbol(enzyme.__renderer__): Object {
    "batchedUpdates": [Function],
    "getNode": [Function],
    "render": [Function],
    "simulateEvent": [Function],
    "unmount": [Function],
  },
  Symbol(enzyme.__node__): Object {
    "instance": null,
    "key": undefined,
    "nodeType": "host",
    "props": Object {
      "children": Array [
        <h3
          className="balance"
>
          Wallet Balance: US$ 
          20
          ,00
</h3>,
        <br />,
        <div
          className="center"
>
          <input
                    className="input-wallet"
                    onChange={[Function]}
                    type="number"
          />
          <div
                    className="col-xs-12 col-md-6"
          >
                    <button
                              className="btn-deposit btn-success btn-lg btn-block"
                              onClick={[Function]}
                    >
                              Deposit
                    </button>
          </div>
          <div
                    className="col-xs-12 col-md-6"
          >
                    <button
                              className="btn-withdraw btn-primary btn-lg btn-block"
                              onClick={[Function]}
                    >
                              Withdraw
                    </button>
          </div>
</div>,
      ],
    },
    "ref": null,
    "rendered": Array [
      Object {
        "instance": null,
        "key": undefined,
        "nodeType": "host",
        "props": Object {
          "children": Array [
            "Wallet Balance: US$ ",
            20,
            ",00",
          ],
          "className": "balance",
        },
        "ref": null,
        "rendered": Array [
          "Wallet Balance: US$ ",
          20,
          ",00",
        ],
        "type": "h3",
      },
      Object {
        "instance": null,
        "key": undefined,
        "nodeType": "host",
        "props": Object {},
        "ref": null,
        "rendered": null,
        "type": "br",
      },
      Object {
        "instance": null,
        "key": undefined,
        "nodeType": "host",
        "props": Object {
          "children": Array [
            <input
              className="input-wallet"
              onChange={[Function]}
              type="number"
/>,
            <div
              className="col-xs-12 col-md-6"
>
              <button
                            className="btn-deposit btn-success btn-lg btn-block"
                            onClick={[Function]}
              >
                            Deposit
              </button>
</div>,
            <div
              className="col-xs-12 col-md-6"
>
              <button
                            className="btn-withdraw btn-primary btn-lg btn-block"
                            onClick={[Function]}
              >
                            Withdraw
              </button>
</div>,
          ],
          "className": "center",
        },
        "ref": null,
        "rendered": Array [
          Object {
            "instance": null,
            "key": undefined,
            "nodeType": "host",
            "props": Object {
              "className": "input-wallet",
              "onChange": [Function],
              "type": "number",
            },
            "ref": null,
            "rendered": null,
            "type": "input",
          },
          Object {
            "instance": null,
            "key": undefined,
            "nodeType": "host",
            "props": Object {
              "children": <button
                className="btn-deposit btn-success btn-lg btn-block"
                onClick={[Function]}
>
                Deposit
</button>,
              "className": "col-xs-12 col-md-6",
            },
            "ref": null,
            "rendered": Object {
              "instance": null,
              "key": undefined,
              "nodeType": "host",
              "props": Object {
                "children": "Deposit",
                "className": "btn-deposit btn-success btn-lg btn-block",
                "onClick": [Function],
              },
              "ref": null,
              "rendered": "Deposit",
              "type": "button",
            },
            "type": "div",
          },
          Object {
            "instance": null,
            "key": undefined,
            "nodeType": "host",
            "props": Object {
              "children": <button
                className="btn-withdraw btn-primary btn-lg btn-block"
                onClick={[Function]}
>
                Withdraw
</button>,
              "className": "col-xs-12 col-md-6",
            },
            "ref": null,
            "rendered": Object {
              "instance": null,
              "key": undefined,
              "nodeType": "host",
              "props": Object {
                "children": "Withdraw",
                "className": "btn-withdraw btn-primary btn-lg btn-block",
                "onClick": [Function],
              },
              "ref": null,
              "rendered": "Withdraw",
              "type": "button",
            },
            "type": "div",
          },
        ],
        "type": "div",
      },
    ],
    "type": "div",
  },
  Symbol(enzyme.__nodes__): Array [
    Object {
      "instance": null,
      "key": undefined,
      "nodeType": "host",
      "props": Object {
        "children": Array [
          <h3
            className="balance"
>
            Wallet Balance: US$ 
            20
            ,00
</h3>,
          <br />,
          <div
            className="center"
>
            <input
                        className="input-wallet"
                        onChange={[Function]}
                        type="number"
            />
            <div
                        className="col-xs-12 col-md-6"
            >
                        <button
                                    className="btn-deposit btn-success btn-lg btn-block"
                                    onClick={[Function]}
                        >
                                    Deposit
                        </button>
            </div>
            <div
                        className="col-xs-12 col-md-6"
            >
                        <button
                                    className="btn-withdraw btn-primary btn-lg btn-block"
                                    onClick={[Function]}
                        >
                                    Withdraw
                        </button>
            </div>
</div>,
        ],
      },
      "ref": null,
      "rendered": Array [
        Object {
          "instance": null,
          "key": undefined,
          "nodeType": "host",
          "props": Object {
            "children": Array [
              "Wallet Balance: US$ ",
              20,
              ",00",
            ],
            "className": "balance",
          },
          "ref": null,
          "rendered": Array [
            "Wallet Balance: US$ ",
            20,
            ",00",
          ],
          "type": "h3",
        },
        Object {
          "instance": null,
          "key": undefined,
          "nodeType": "host",
          "props": Object {},
          "ref": null,
          "rendered": null,
          "type": "br",
        },
        Object {
          "instance": null,
          "key": undefined,
          "nodeType": "host",
          "props": Object {
            "children": Array [
              <input
                className="input-wallet"
                onChange={[Function]}
                type="number"
/>,
              <div
                className="col-xs-12 col-md-6"
>
                <button
                                className="btn-deposit btn-success btn-lg btn-block"
                                onClick={[Function]}
                >
                                Deposit
                </button>
</div>,
              <div
                className="col-xs-12 col-md-6"
>
                <button
                                className="btn-withdraw btn-primary btn-lg btn-block"
                                onClick={[Function]}
                >
                                Withdraw
                </button>
</div>,
            ],
            "className": "center",
          },
          "ref": null,
          "rendered": Array [
            Object {
              "instance": null,
              "key": undefined,
              "nodeType": "host",
              "props": Object {
                "className": "input-wallet",
                "onChange": [Function],
                "type": "number",
              },
              "ref": null,
              "rendered": null,
              "type": "input",
            },
            Object {
              "instance": null,
              "key": undefined,
              "nodeType": "host",
              "props": Object {
                "children": <button
                  className="btn-deposit btn-success btn-lg btn-block"
                  onClick={[Function]}
>
                  Deposit
</button>,
                "className": "col-xs-12 col-md-6",
              },
              "ref": null,
              "rendered": Object {
                "instance": null,
                "key": undefined,
                "nodeType": "host",
                "props": Object {
                  "children": "Deposit",
                  "className": "btn-deposit btn-success btn-lg btn-block",
                  "onClick": [Function],
                },
                "ref": null,
                "rendered": "Deposit",
                "type": "button",
              },
              "type": "div",
            },
            Object {
              "instance": null,
              "key": undefined,
              "nodeType": "host",
              "props": Object {
                "children": <button
                  className="btn-withdraw btn-primary btn-lg btn-block"
                  onClick={[Function]}
>
                  Withdraw
</button>,
                "className": "col-xs-12 col-md-6",
              },
              "ref": null,
              "rendered": Object {
                "instance": null,
                "key": undefined,
                "nodeType": "host",
                "props": Object {
                  "children": "Withdraw",
                  "className": "btn-withdraw btn-primary btn-lg btn-block",
                  "onClick": [Function],
                },
                "ref": null,
                "rendered": "Withdraw",
                "type": "button",
              },
              "type": "div",
            },
          ],
          "type": "div",
        },
      ],
      "type": "div",
    },
  ],
  Symbol(enzyme.__options__): Object {
    "adapter": ReactSixteenAdapter {
      "options": Object {
        "enableComponentDidUpdateOnSetState": true,
      },
    },
    "disableLifecycleMethods": true,
  },
}
`;
